00138d38 r 
00138d20 t 
00138d20 t 
001259e6 t .divsi3_skip_div0_test
00125768 t .udivsi3_skip_div0_test
001031fc T AdiMonitor
001480cc B CAPTURE_DATA
00102798 T ClearPwmTrip
00104afc T ClearSincTrip
001026a8 T DisablePWM
00102684 T EnablePWM
00104ab0 T EnableSincTrip
00148e88 B GUI_READY
001005f4 T GetHallState
00102b60 T GetMode
001026cc T GetPwmTripPinLevel
00102720 T GetPwmTripSource
00102774 T GetPwmTripStatus
0010036c T GetQepRegs
001004b0 T GetQepRegsStrobeLatch
00104bc8 T GetSincData
001025e4 T InitPWM
0013a234 d NeedReset
00148edc B Nref
00139b70 t PIo2
00148f60 B PMSMctrl_B
001391b4 T PMSMctrl_ConstP
00149264 B PMSMctrl_DWork
001391b8 T PMSMctrl_M
0014938c B PMSMctrl_M_
0013a26c D PMSMctrl_P
00149360 B PMSMctrl_U
00149384 B PMSMctrl_Y
0010a098 T PMSMctrl_initialize
0010540c T PMSMctrl_step0
00109de8 T PMSMctrl_step1
00102420 T PWM_IP_mReadReg
001023d8 T PWM_IP_mWriteReg
00102460 T PwmIsr
00100290 T QEP_IP_mReadReg
00100248 T QEP_IP_mWriteReg
00103860 T RxISR
001043ec T SINC_FLUSH_TRIP_IP_mReadReg
001043a4 T SINC_FLUSH_TRIP_IP_mWriteReg
00104d14 T SVPWM_float_Outputs_wrapper
00102840 T SetDuty
00100bb4 T SetLed
00102970 T SetupPwmIrq
00104b34 T SetupSincDataIrq
00104938 T SetupSincNonOptContinious
001047c0 T SetupSincOptContinious
00104648 T SetupSincOptFlush
00148eac B Sinc0DataEvent
00148eb0 B Sinc1DataEvent
0010442c T SincDataIsr
0010aad4 T StateFcnFault
0010aaac T StateFcnRunning
0010aac0 T StateFcnStopped
00104d68 T SvModulator
00100bfc T SwitchState
00148088 B SyncEvent
00148e94 b TotalErrorCount
00148e8c B TotalReceivedCount
00148e90 B TotalSentCount
001034e8 T TrigAdiMonitor
0014808c B TripEvent
001480c8 B UART_RxIsrCounter
001480c4 B UART_TxIsrCounter
00148f34 B Vdc
001399d8 t Zero
00130814 T _Balloc
0013089c T _Bfree
0014ad34 B _PathLocale
001269b4 T _Unwind_Backtrace
0012616c T _Unwind_Complete
00125f7c t _Unwind_DebugHook
00126170 T _Unwind_DeleteException
00126990 T _Unwind_ForcedUnwind
00126094 T _Unwind_GetCFA
00126d40 T _Unwind_GetDataRelBase
001261b4 t _Unwind_GetGR
00126a0c t _Unwind_GetGR.constprop.0
00126d2c T _Unwind_GetLanguageSpecificData
00126d20 T _Unwind_GetRegionStart
00126d46 T _Unwind_GetTextRelBase
00126924 T _Unwind_RaiseException
00126948 T _Unwind_Resume
0012696c T _Unwind_Resume_or_Rethrow
00126204 t _Unwind_SetGR
0012617c T _Unwind_VRS_Get
00126574 T _Unwind_VRS_Pop
001261cc T _Unwind_VRS_Set
00125f70 t _Unwind_decode_typeinfo_ptr.constprop.0
00138d38 r __FRAME_END__
001269b4 T ___Unwind_Backtrace
00126990 T ___Unwind_ForcedUnwind
00126924 T ___Unwind_RaiseException
00126948 T ___Unwind_Resume
0012696c T ___Unwind_Resume_or_Rethrow
00138d10 t ___fini_from_arm
00138d18 t ___start_from_arm
001259e0 T __aeabi_idiv
00125c90 W __aeabi_idiv0
00125c74 T __aeabi_idivmod
00125c90 W __aeabi_ldiv0
00138b00 T __aeabi_ldivmod
00125768 T __aeabi_uidiv
001259c4 T __aeabi_uidivmod
00125c94 T __aeabi_uldivmod
00126568 T __aeabi_unwind_cpp_pr0
0012656c W __aeabi_unwind_cpp_pr1
00126570 W __aeabi_unwind_cpp_pr2
001316c8 T __any_on
00137f78 T __ascii_mbtowc
00138ad0 T __ascii_wctomb
00137760 T __assert
00137704 T __assert_func
0013a7f0 D __atexit_recursive_mutex
00131380 T __b2d
0014ad38 B __bss_end__
0013c000 B __bss_start__
0012d09c T __call_exitprocs
0013165c T __copybits
02100040 A __cs3_heap_end
0013add4 D __cs3_heap_limit
0014ad38 B __cs3_heap_start
00100040 T __cs3_interrupt_vector
00100040 T __cs3_interrupt_vector_arm
00138d04 T __cs3_isr_dabort
00138d08 T __cs3_isr_fiq
00138cf4 T __cs3_isr_interrupt
0010f72c T __cs3_isr_irq
00138d00 T __cs3_isr_pabort
00138cf4 W __cs3_isr_reserved
00138cfc T __cs3_isr_swi
00138cf8 T __cs3_isr_undef
00138ba0 T __cs3_premain
02100040 T __cs3_region_end_ram
00100040 A __cs3_region_init_ram
0003ad98 A __cs3_region_init_size_ram
00000001 A __cs3_region_num
02000000 A __cs3_region_size_ram
00100040 T __cs3_region_start_ram
0000ff60 A __cs3_region_zero_size_ram
0013a1a8 T __cs3_regions
0013a1bc T __cs3_regions_end
00100080 T __cs3_reset
00100080 T __cs3_reset_cycloneV_dk_ram
02100040 A __cs3_stack
         U __cs3_start_asm
00100084 T __cs3_start_c
0013144c T __d2b
001259e0 T __divsi3
00100110 t __do_global_dtors_aux
0013a1a4 t __do_global_dtors_aux_fini_array_entry
0013a1c0 D __dso_handle
0014ad38 B __end
0013783c T __env_lock
00137848 T __env_unlock
00126d70 T __errno
00138e04 r __exidx_end
00138d3c r __exidx_start
0013a3b8 D __fdlib_version
0013a1a8 T __fini_array_end
0013a1a4 T __fini_array_start
0012ea5c t __fp_lock
0012ee0c T __fp_lock_all
0012ea90 t __fp_unlock
0012ee38 T __fp_unlock_all
00137a30 T __fputwc
0013a194 t __frame_dummy_init_array_entry
0012f8fc T __gettzinfo
0013ac64 D __global_locale
0012621c T __gnu_Unwind_Backtrace
00126100 T __gnu_Unwind_ForcedUnwind
00126098 T __gnu_Unwind_RaiseException
00126844 T __gnu_Unwind_Restore_VFP
00126854 T __gnu_Unwind_Restore_VFP_D
00126864 T __gnu_Unwind_Restore_VFP_D_16_to_31
001268fc T __gnu_Unwind_Restore_WMMXC
00126874 T __gnu_Unwind_Restore_WMMXD
00126114 T __gnu_Unwind_Resume
00126158 T __gnu_Unwind_Resume_or_Rethrow
0012684c T __gnu_Unwind_Save_VFP
0012685c T __gnu_Unwind_Save_VFP_D
0012686c T __gnu_Unwind_Save_VFP_D_16_to_31
00126910 T __gnu_Unwind_Save_WMMXC
001268b8 T __gnu_Unwind_Save_WMMXD
00125f6c t __gnu_unwind_24bit.constprop.0
00126a2c T __gnu_unwind_execute
00126cf4 T __gnu_unwind_frame
00125e48 t __gnu_unwind_get_pr_addr
00126298 t __gnu_unwind_pr_common
00130ac4 T __hi0bits
00130bbc T __i2b
0012442c T __ieee754_fmod
001247e0 T __ieee754_rem_pio2
00124b00 T __ieee754_sqrt
0013a198 T __init_array_end
0013a190 T __init_array_start
00124b10 T __kernel_cos
00124c80 T __kernel_rem_pio2
00125548 T __kernel_sin
0012ee64 T __libc_fini_array
00126db4 T __libc_init_array
00130b1c T __lo0bits
00137dc0 T __locale_mb_cur_max
0012fb80 T __localeconv_l
0014acd4 B __lock___arc4random_mutex
0014acd8 B __lock___at_quick_exit_mutex
0014acdc B __lock___atexit_recursive_mutex
0014ace0 B __lock___dd_hash_mutex
0014ace4 B __lock___env_recursive_mutex
0014ace8 B __lock___malloc_recursive_mutex
0014acec B __lock___sfp_recursive_mutex
0014acf0 B __lock___sinit_recursive_mutex
0014acf4 B __lock___tz_mutex
00130f94 T __lshift
0013a850 D __malloc_av_
0014acf8 B __malloc_current_mallinfo
001307fc T __malloc_lock
0014ad20 B __malloc_max_sbrked_mem
0014ad24 B __malloc_max_total_mem
0013ac58 D __malloc_sbrk_base
0014ad28 B __malloc_top_pad
0013ac5c D __malloc_trim_threshold
00130808 T __malloc_unlock
001310d4 T __mcmp
0013112c T __mdiff
00139bc4 T __month_lengths
00139e80 T __mprec_bigtens
00139ea8 T __mprec_tens
00139f70 T __mprec_tinytens
001308b8 T __multadd
00130c60 T __multiply
00130e74 T __pow5mult
0013a190 T __preinit_array_end
0013a18c T __preinit_array_start
00131588 T __ratio
00137650 T __register_exitproc
0012682c T __restore_core_regs
0012fbb0 T __retarget_lock_acquire
0012fbb4 T __retarget_lock_acquire_recursive
0012fba8 T __retarget_lock_close
0012fbac T __retarget_lock_close_recursive
0012fba0 T __retarget_lock_init
0012fba4 T __retarget_lock_init_recursive
0012fbc8 T __retarget_lock_release
0012fbcc T __retarget_lock_release_recursive
0012fbb8 T __retarget_lock_try_acquire
0012fbc0 T __retarget_lock_try_acquire_recursive
001309b4 T __s2b
0012ce50 t __sbprintf
0013753c t __sbprintf
0013801c T __sccl
0013216c T __sclose
001320e0 T __seofread
0012e6c4 T __sflush_r
0012eac4 T __sfmoreglue
0012eca8 T __sfp
0012eddc T __sfp_lock_acquire
0012ede8 T __sfp_lock_release
0012f290 T __sfvwrite_r
00127944 T __sigtramp
0012770c T __sigtramp_r
0012eb24 T __sinit
0012edf4 T __sinit_lock_acquire
0012ee00 T __sinit_lock_release
0012fbd0 T __smakebuf_r
001360bc T __sprint_r
00136014 t __sprint_r.part.0
001320b0 T __sread
00132140 T __sseek
00132840 T __ssprint_r
00133bd4 T __ssrefill_r
00133d70 T __ssvfiscanf_r
00135d2c T __submore
001389dc T __swbuf
001388ac T __swbuf_r
0012fd0c T __swhatbuf_r
001320e8 T __swrite
0012cf20 T __swsetup_r
0012a2ac T __tz_lock
0012a2b8 T __tz_unlock
0012a070 T __tzcalc_limits
0014acb0 b __tzname_dst
0014acbc b __tzname_std
00125cc4 T __udivmoddi4
00125768 T __udivsi3
00131318 T __ulp
00138bf0 t __vfp_init
00137770 T _calloc_r
0012eb0c T _cleanup
0012ea50 T _cleanup_r
00101f3c T _close
00137804 T _close_r
0013a048 T _ctype_
0014accc B _daylight
0012d428 T _dtoa_r
0013add8 D _edata
0014ad38 B _end
0013a1c0 T _etext
00138c68 T _exit
00137854 T _fclose_r
0012e8fc T _fflush_r
0012f81c T _findenv_r
0013a198 T _fini
001379c8 T _fiprintf_r
00137b40 T _fputwc_r
0012ef98 T _free_r
00101f74 T _fstat
00137cc0 T _fstat_r
00100040 T _ftext
0012f744 T _fwalk
0012f7ac T _fwalk_reent
0012f8e4 T _getenv_r
00138cec T _getpid
00127a3c T _getpid_r
00139bc0 T _global_impure_ptr
0013a3bc D _impure_ptr
0013a180 T _init
001278e4 T _init_signal
001275a4 T _init_signal_r
00101fb0 T _isatty
00137d00 T _isatty_r
00138c6c T _kill
001279fc T _kill_r
0012fb88 T _localeconv_r
00101fe8 T _lseek
00137e34 T _lseek_r
001001d4 T _mainCRTStartup
0012fdc8 T _malloc_r
0012eea0 T _malloc_trim_r
00137e78 T _mbrtowc_r
00137f5c T _mbtowc_r
00131610 T _mprec_log10
0012741c T _printf_r
00127488 T _puts_r
00127674 T _raise_r
00102028 T _read
00137fbc T _read_r
0013172c T _realloc_r
00131d20 T _reclaim_reent
00138c80 T _sbrk
00131eb8 T _sbrk_r
00137d5c T _setlocale_r
00133c3c T _sfread_r
001275f8 T _signal_r
00131ef0 T _siprintf_r
00132034 T _siscanf_r
00127a40 T _sprintf_r
00100160 W _stack_init
001001d4 T _start
00138100 t _strtol_l.part.0
001382b0 T _strtol_r
00138394 t _strtoll_l.constprop.0
001385c0 T _strtoll_r
00132624 t _strtoul_l.constprop.0
001327ec T _strtoul_r
00138614 t _strtoull_l.constprop.0
00138858 T _strtoull_r
00133aec T _sungetc_r
001329e0 T _svfiprintf_r
00127b68 T _svfprintf_r
0014acd0 B _timezone
0013a7e8 D _tzname
0012a770 T _tzset_r
0012a2c4 T _tzset_unlocked
0012a2f4 T _tzset_unlocked_r
00135dd4 T _ungetc_r
001360d8 T _vfiprintf_r
0012a798 T _vfprintf_r
001389f8 T _wcrtomb_r
00138ab4 T _wctomb_r
00102054 T _write
0013760c T _write_r
00102fa8 T aAdiMonitorInit
0010a934 T aAppCmd
0010a8ec T aAppInit
001002d0 T aInitIncEnc
00102b84 T aMcCmd
00102a04 T aMcInit
00102a24 T aMcModeHandler
00104630 T aMeasureInit
00126d4c T abort
0013a248 D adr_for_capture_variables
00138e08 t all_implied_fbits
0013a15c t all_implied_fbits
0010bad4 T alt_16550_baudrate_get
0010bb30 T alt_16550_baudrate_set
00101420 T alt_16550_buffer_init
00101300 t alt_16550_buffer_int_callback
001011e4 t alt_16550_buffer_int_line
00100ca4 t alt_16550_buffer_int_rx
00100f50 t alt_16550_buffer_int_tx
00101714 T alt_16550_buffer_level_rx
001017ac T alt_16550_buffer_level_tx
00101844 T alt_16550_buffer_read_raw
001016ac T alt_16550_buffer_size_rx
001016e0 T alt_16550_buffer_size_tx
0010164c T alt_16550_buffer_uninit
00101b4c T alt_16550_buffer_write_raw
0010b014 T alt_16550_disable
0010bba4 T alt_16550_divisor_get
0010bbe0 T alt_16550_divisor_set
001011bc T alt_16550_do_tx
0010afcc T alt_16550_enable
0010b5ec T alt_16550_fifo_clear_all
0010b49c T alt_16550_fifo_clear_rx
0010b544 T alt_16550_fifo_clear_tx
0010b204 T alt_16550_fifo_disable
0010b184 T alt_16550_fifo_enable
0010b7e4 T alt_16550_fifo_level_get_rx
0010b880 T alt_16550_fifo_level_get_tx
0010b284 T alt_16550_fifo_read
0010b694 T alt_16550_fifo_size_get_rx
0010b73c T alt_16550_fifo_size_get_tx
0010b91c T alt_16550_fifo_trigger_set_rx
0010b9f8 T alt_16550_fifo_trigger_set_tx
0010b460 T alt_16550_fifo_write
0010b35c T alt_16550_fifo_write_safe
0010c398 T alt_16550_flowcontrol_disable
0010c318 T alt_16550_flowcontrol_enable
0010bcd8 t alt_16550_ier_mask_clr_helper
0010bc58 t alt_16550_ier_mask_set_helper
0010ad88 T alt_16550_init
0010bebc T alt_16550_int_disable_all
0010be38 T alt_16550_int_disable_line
0010be90 T alt_16550_int_disable_modem
0010bd88 T alt_16550_int_disable_rx
0010bde0 T alt_16550_int_disable_tx
0010be0c T alt_16550_int_enable_line
0010be64 T alt_16550_int_enable_modem
0010bd5c T alt_16550_int_enable_rx
0010bdb4 T alt_16550_int_enable_tx
0010bee8 T alt_16550_int_status_get
0010c130 T alt_16550_line_break_disable
0010c0b8 T alt_16550_line_break_enable
0010bf64 T alt_16550_line_config_set
0010c1a8 T alt_16550_line_status_get
0010c408 T alt_16550_loopback_disable
0010c3c4 T alt_16550_loopback_enable
0010c294 t alt_16550_mcr_mask_clr_helper
0010c214 t alt_16550_mcr_mask_set_helper
0010c568 T alt_16550_modem_disable_dtr
0010c460 T alt_16550_modem_disable_out1
0010c4b8 T alt_16550_modem_disable_out2
0010c510 T alt_16550_modem_disable_rts
0010c53c T alt_16550_modem_enable_dtr
0010c434 T alt_16550_modem_enable_out1
0010c48c T alt_16550_modem_enable_out2
0010c4e4 T alt_16550_modem_enable_rts
0010c594 T alt_16550_modem_status_get
0010b040 T alt_16550_read
0010afa0 T alt_16550_reset
0010ac30 t alt_16550_reset_helper
0010af10 T alt_16550_uninit
0010b0e4 T alt_16550_write
0010ab10 t alt_16550_write_divisor_helper
0011eb4c T alt_ARM_wdog_gpt_mode_set
0011ebac T alt_ARM_wdog_wdog_mode_set
001235c0 T alt_acp_id_map_dynamic_read_options_set
00123298 T alt_acp_id_map_dynamic_read_set
00123614 T alt_acp_id_map_dynamic_write_options_set
0012342c T alt_acp_id_map_dynamic_write_set
00122ec0 T alt_acp_id_map_fixed_read_set
001230ac T alt_acp_id_map_fixed_write_set
00123668 T alt_acp_id_map_read_options_get
001239c8 T alt_acp_id_map_write_options_get
00122c38 T alt_addr_space_remap
0011af1c T alt_cache_l1_branch_disable
0011aecc T alt_cache_l1_branch_enable
0011af6c T alt_cache_l1_branch_invalidate
0011afa0 T alt_cache_l1_branch_is_enabled
0011a98c T alt_cache_l1_data_clean
0011aa20 T alt_cache_l1_data_clean_all
0011a91c t alt_cache_l1_data_clean_helper
0011a698 T alt_cache_l1_data_disable
0011a638 T alt_cache_l1_data_enable
0011a7b0 T alt_cache_l1_data_invalidate
0011a824 T alt_cache_l1_data_invalidate_all
0011a740 t alt_cache_l1_data_invalidate_helper
0011a6f8 T alt_cache_l1_data_is_enabled
0011aba8 T alt_cache_l1_data_purge
0011ac3c T alt_cache_l1_data_purge_all
0011ab38 t alt_cache_l1_data_purge_helper
0011a4e8 T alt_cache_l1_disable_all
0011a4bc T alt_cache_l1_enable_all
0011a570 T alt_cache_l1_instruction_disable
0011a510 T alt_cache_l1_instruction_enable
0011a608 T alt_cache_l1_instruction_invalidate
0011a5c0 T alt_cache_l1_instruction_is_enabled
0011ae34 T alt_cache_l1_parity_disable
0011ad54 T alt_cache_l1_parity_enable
0011ae84 T alt_cache_l1_parity_is_enabled
0011b038 T alt_cache_l1_prefetch_disable
0011afe8 T alt_cache_l1_prefetch_enable
0011b088 T alt_cache_l1_prefetch_is_enabled
0011b6ec T alt_cache_l2_clean
0011b764 T alt_cache_l2_clean_all
0011b618 t alt_cache_l2_clean_helper
0011b350 T alt_cache_l2_disable
0011bb64 T alt_cache_l2_ecc_start
0011b310 T alt_cache_l2_enable
0011b0d0 T alt_cache_l2_init
0011ba14 T alt_cache_l2_int_disable
0011b9b8 T alt_cache_l2_int_enable
0011ba98 T alt_cache_l2_int_raw_status_get
0011babc T alt_cache_l2_int_status_clear
0011ba74 T alt_cache_l2_int_status_get
0011b51c T alt_cache_l2_invalidate
0011b594 T alt_cache_l2_invalidate_all
0011b44c t alt_cache_l2_invalidate_helper
0011b388 T alt_cache_l2_is_enabled
0011b290 T alt_cache_l2_parity_disable
0011b22c T alt_cache_l2_parity_enable
0011b2c8 T alt_cache_l2_parity_is_enabled
0011b1ac T alt_cache_l2_prefetch_disable
0011b174 T alt_cache_l2_prefetch_enable
0011b1e4 T alt_cache_l2_prefetch_is_enabled
0011b8bc T alt_cache_l2_purge
0011b934 T alt_cache_l2_purge_all
0011b7e8 t alt_cache_l2_purge_helper
0011b3d0 T alt_cache_l2_sync
0011b158 T alt_cache_l2_uninit
0013a3b4 d alt_cache_l2_waymask
0011a260 T alt_cache_system_clean
0011a1a4 T alt_cache_system_disable
0011a17c T alt_cache_system_enable
0011a1cc T alt_cache_system_invalidate
0011a2f4 T alt_cache_system_purge
00119e8c T alt_clk_clkmgr_reinit
0011a130 T alt_clk_clkmgr_uninit
00110640 T alt_clk_clock_disable
00110abc T alt_clk_clock_enable
001142a4 T alt_clk_divider_get
00114f04 T alt_clk_divider_set
00112334 T alt_clk_ext_clk_freq_get
0011215c T alt_clk_ext_clk_freq_set
001170d0 T alt_clk_freq_get
0011939c T alt_clk_group_cfg_raw_get
00119730 T alt_clk_group_cfg_raw_set
001192d4 T alt_clk_irq_disable
0011933c T alt_clk_irq_enable
00110f78 T alt_clk_is_enabled
0010fc24 T alt_clk_is_in_safe_mode
0010fa40 T alt_clk_lock_status_clear
0010faa0 T alt_clk_lock_status_get
0010f818 t alt_clk_mgr_wait
0010fcec T alt_clk_pll_bypass_disable
001100a8 T alt_clk_pll_bypass_enable
001123ec T alt_clk_pll_cfg_get
00112900 T alt_clk_pll_cfg_set
00119b08 T alt_clk_pll_cntr_maxfreq_recalc
00114108 T alt_clk_pll_guard_band_get
001141ac T alt_clk_pll_guard_band_set
00110408 T alt_clk_pll_is_bypassed
0010fac8 T alt_clk_pll_is_locked
0010f8e0 t alt_clk_pll_lock_wait
00110524 T alt_clk_pll_source_get
00112e5c T alt_clk_pll_vco_cfg_get
00113734 T alt_clk_pll_vco_cfg_set
00112fac t alt_clk_pll_vco_chg_methods_get
00113b3c T alt_clk_pll_vco_freq_get
0010f9a4 t alt_clk_pllcounter_write
0010f864 T alt_clk_plls_settle_wait
0010fb90 T alt_clk_safe_mode_clear
001114e8 T alt_clk_source_get
00111c70 T alt_clk_source_set
001149a0 t alt_clk_within_freq_limits
00114e5c t alt_clkmgr_is_val_modulo_n
0013a2d4 d alt_ext_clk_paramblok
0011e7c8 T alt_globaltmr_autoinc_get
0011e7ec T alt_globaltmr_autoinc_mode_start
0011e824 T alt_globaltmr_autoinc_mode_stop
0011e738 T alt_globaltmr_autoinc_set
0011e4e0 T alt_globaltmr_comp_get
0011e550 T alt_globaltmr_comp_get64
0011e5fc T alt_globaltmr_comp_mode_start
0011e634 T alt_globaltmr_comp_mode_stop
0011e388 T alt_globaltmr_comp_set
0011e42c T alt_globaltmr_comp_set64
0011e364 T alt_globaltmr_counter_get_hi32
0011e340 T alt_globaltmr_counter_get_low32
0011e180 T alt_globaltmr_get
0011e264 T alt_globaltmr_get64
0011e0c4 T alt_globaltmr_init
0011e980 T alt_globaltmr_int_clear_pending
0011e8b0 T alt_globaltmr_int_disable
0011e8e8 T alt_globaltmr_int_enable
0011e9e4 T alt_globaltmr_int_if_pending_clear
0011e948 T alt_globaltmr_int_is_enabled
0011e9ac T alt_globaltmr_int_is_pending
0011e85c T alt_globaltmr_is_autoinc_mode
0011e66c T alt_globaltmr_is_comp_mode
0011e014 T alt_globaltmr_is_running
0011e894 T alt_globaltmr_maxcounter_get
0011e6a4 T alt_globaltmr_prescaler_get
0011e6d0 T alt_globaltmr_prescaler_set
0011e5c8 T alt_globaltmr_remain_get
0011e13c T alt_globaltmr_start
0011e0f8 T alt_globaltmr_stop
0011e04c T alt_globaltmr_uninit
0010d5e8 T alt_gpio_bit_config
0010db8c T alt_gpio_bit_to_pid
0010dc00 T alt_gpio_bit_to_port_pin
0010d694 T alt_gpio_bitconfig_get
0010d83c T alt_gpio_group_config
0010d9d4 T alt_gpio_group_config_get
0010daa4 T alt_gpio_group_config_get2
0010c600 T alt_gpio_init
0010cef4 T alt_gpio_port_config
0010c8c0 T alt_gpio_port_data_read
0010c7e0 T alt_gpio_port_data_write
0010c74c T alt_gpio_port_datadir_get
0010c66c T alt_gpio_port_datadir_set
0010cd1c T alt_gpio_port_debounce_get
0010cc3c T alt_gpio_port_debounce_set
0010d4d8 T alt_gpio_port_idcode_get
0010d11c T alt_gpio_port_int_disable
0010d058 T alt_gpio_port_int_enable
0010d1d8 T alt_gpio_port_int_enable_get
0010d340 T alt_gpio_port_int_mask_get
0010d260 T alt_gpio_port_int_mask_set
0010cba8 T alt_gpio_port_int_pol_get
0010cac8 T alt_gpio_port_int_pol_set
0010d450 T alt_gpio_port_int_status_clear
0010d3c8 T alt_gpio_port_int_status_get
0010ca34 T alt_gpio_port_int_type_get
0010c954 T alt_gpio_port_int_type_set
0010dc7c T alt_gpio_port_pin_to_bit
0010ce5c T alt_gpio_port_sync_get
0010cdb0 T alt_gpio_port_sync_set
0010d560 T alt_gpio_port_ver_get
0010c634 T alt_gpio_uninit
0011bef4 T alt_gpt_all_tmr_init
0011be60 T alt_gpt_all_tmr_uninit
0011c500 T alt_gpt_counter_get
0011c3c0 T alt_gpt_counter_set
0011c89c T alt_gpt_curtime_get
0011c600 t alt_gpt_curtime_get_kernl
0011c904 T alt_gpt_curtime_microsecs_get
0011c8d0 T alt_gpt_curtime_millisecs_get
0011c93c T alt_gpt_curtime_nanosecs_get
0011c974 T alt_gpt_delay_ns
0011cec0 T alt_gpt_freq_get
0011d8b4 T alt_gpt_int_clear_pending
0011d510 T alt_gpt_int_disable
0011d644 T alt_gpt_int_enable
0011db1c T alt_gpt_int_if_pending_clear
0011d77c T alt_gpt_int_is_enabled
0011d9c4 T alt_gpt_int_is_pending
0011ccb0 T alt_gpt_maxcounter_get
0011d4a8 T alt_gpt_maxtime_get
0011d2cc t alt_gpt_maxtime_get_kernl
0011d4dc T alt_gpt_maxtime_millisecs_get
0011deb4 T alt_gpt_mode_get
0011dcd8 T alt_gpt_mode_set
0011ce38 T alt_gpt_prescaler_get
0011cd54 T alt_gpt_prescaler_set
0011cbb0 T alt_gpt_reset_value_get
0011d22c T alt_gpt_time_get
0011d050 t alt_gpt_time_get_kernl
0011d294 T alt_gpt_time_microsecs_get
0011d260 T alt_gpt_time_millisecs_get
0011c1c0 T alt_gpt_tmr_is_running
0011c334 T alt_gpt_tmr_reset
0011c074 T alt_gpt_tmr_start
0011bf28 T alt_gpt_tmr_stop
0014aca4 b alt_int_base_cpu
0014aca0 b alt_int_base_dist
0014aca8 b alt_int_count_cpu
0014acac b alt_int_count_int
0010f4f4 T alt_int_cpu_binary_point_get
0010f580 T alt_int_cpu_binary_point_get_ns
0010f52c T alt_int_cpu_binary_point_set
0010f5b8 T alt_int_cpu_binary_point_set_ns
0010f2c8 T alt_int_cpu_config_get
0010f38c T alt_int_cpu_config_set
0010f170 T alt_int_cpu_disable
0010f284 T alt_int_cpu_disable_all
0010f1fc T alt_int_cpu_disable_ns
0010f128 T alt_int_cpu_enable
0010f240 T alt_int_cpu_enable_all
0010f1b8 T alt_int_cpu_enable_ns
0010f054 T alt_int_cpu_init
0010f468 T alt_int_cpu_priority_mask_get
0010f4a0 T alt_int_cpu_priority_mask_set
0010f10c T alt_int_cpu_uninit
0014a4a0 b alt_int_dispatch
0010e50c T alt_int_dist_disable
0010e474 T alt_int_dist_enable
0010e864 T alt_int_dist_is_active
0010e5a4 T alt_int_dist_is_enabled
0010e7b0 T alt_int_dist_is_pending
0010e3c0 T alt_int_dist_is_secure
0010e704 T alt_int_dist_pending_clear
0010e658 T alt_int_dist_pending_set
0010e918 T alt_int_dist_priority_get
0010e9a8 T alt_int_dist_priority_set
0010e300 T alt_int_dist_secure_disable
0010e23c T alt_int_dist_secure_enable
0010ea38 T alt_int_dist_target_get
0010eac8 T alt_int_dist_target_set
0010eba4 T alt_int_dist_trigger_get
0010eca4 T alt_int_dist_trigger_set
0010dd64 t alt_int_fixup_irq_stack
001493a0 b alt_int_flag
0010e0e8 T alt_int_global_disable
0010e1f8 T alt_int_global_disable_all
0010e170 T alt_int_global_disable_ns
0010e0a4 T alt_int_global_enable
0010e1b4 T alt_int_global_enable_all
0010e12c T alt_int_global_enable_ns
0010de60 T alt_int_global_init
0010e088 T alt_int_global_uninit
0010f60c T alt_int_isr_register
0010f66c T alt_int_isr_unregister
0010ef24 T alt_int_sgi_trigger
001494a0 b alt_int_stack_irq_block
0010f6c4 T alt_int_util_cpu_count
0010f70c T alt_int_util_cpu_current
0010f6e8 T alt_int_util_int_count
00122da0 T alt_l2_addr_filter_cfg_get
00122e30 T alt_l2_addr_filter_cfg_set
00120edc T alt_mmu_CONTEXTIDR_set
00120dfc T alt_mmu_DACR_set
00120d48 T alt_mmu_TTBCR_set
00120b40 T alt_mmu_TTBR0_get
00120bb4 T alt_mmu_TTBR0_set
00120c94 T alt_mmu_TTBR1_get
00120ccc T alt_mmu_TTBR1_set
00120a88 T alt_mmu_disable
00120af0 T alt_mmu_enable
00120724 T alt_mmu_init
00120f54 T alt_mmu_tlb_invalidate
00120f88 T alt_mmu_tlb_invalidate_is
001207e8 T alt_mmu_ttb1_desc_set
0012075c T alt_mmu_ttb1_init
00120920 T alt_mmu_ttb2_desc_set
00121878 t alt_mmu_ttb2_init
00120740 T alt_mmu_uninit
001218c0 T alt_mmu_va_space_create
00122698 T alt_mmu_va_space_enable
00121768 t alt_mmu_va_space_gen_largepage
001213b4 t alt_mmu_va_space_gen_pagetable
00121414 t alt_mmu_va_space_gen_section
0012165c t alt_mmu_va_space_gen_smallpage
00121538 t alt_mmu_va_space_gen_supersection
0012134c T alt_mmu_va_space_storage_required
00121024 t alt_mmu_va_space_storage_required_internal
001227d4 T alt_mmu_va_to_pa
00122958 T alt_mmu_va_to_pa_coalesce_begin
00122bf4 T alt_mmu_va_to_pa_coalesce_end
00122a38 T alt_mmu_va_to_pa_coalesce_next
00122d60 T alt_mpu_addr_space_remap_0_to_sdram
0013a314 d alt_pll_clk_paramblok
0013a374 d alt_pll_cntr_maxfreq
0010074c t alt_pt_alloc
00144000 B alt_pt_storage
0010aae8 t alt_read_word_helper
00120fbc t alt_vregion_mark_pagetable
001205f8 T alt_wdog_compcode_get
0011fb08 T alt_wdog_core_prescaler_get
0011fa7c T alt_wdog_core_prescaler_set
0011f290 T alt_wdog_counter_get_current
0011f334 T alt_wdog_counter_get_curtime_millisecs
0011f534 T alt_wdog_counter_get_init
0011f864 T alt_wdog_counter_get_inittime_millisecs
0011f6a8 T alt_wdog_counter_get_inittime_nanosecs
0011fb34 T alt_wdog_counter_get_max
0011fd38 T alt_wdog_counter_get_max_millisecs
0011fbb4 T alt_wdog_counter_get_max_nanosecs
0011f104 T alt_wdog_counter_set
0011eafc T alt_wdog_init
001201b4 T alt_wdog_int_clear
0011ff10 T alt_wdog_int_disable
0011ff88 T alt_wdog_int_enable
00120254 T alt_wdog_int_if_pending_clear
001200e0 T alt_wdog_int_is_enabled
00120000 T alt_wdog_int_is_pending
0011f01c T alt_wdog_reset
00120514 T alt_wdog_response_mode_get
00120360 T alt_wdog_response_mode_set
0011ee50 T alt_wdog_start
0011eca4 T alt_wdog_stop
0011ef48 T alt_wdog_tmr_is_enabled
0011ebe0 T alt_wdog_uninit
0012067c T alt_wdog_ver_get
0011eab0 t alt_wdog_wait
00149394 B app_state
0012d1c4 T asctime
0012d1d8 T asctime_r
0012d258 T atexit
001391bc t b.3
00139fc4 t basefix.0
00139c6c t blanks.1
00139ce0 t blanks.1
00139fa4 t blanks.1
00139fe8 t blanks.1
00100630 T boot_check_status
0013a23c D buf_idx
0013a23e D buf_no
00148000 b buff.1
0013a240 D buffer_length
00148ea2 b buffer_length_temp.3
001391c8 t c.2
0013a23a D capt_ptr
00123d4c T ccnt_divider
00123e80 T ceil
0013a1fc d cfg
00148e99 b ch_no.6
00103158 T checkRxUart
00104344 T checkTxBuffer
00131cac T cleanup_glue
00148080 b cnt.0
0013c000 b completed.1
00123fe4 T cos
0011ea40 T cpu_wdog_in_gpt_mode
0011ea78 t cpu_wdog_in_wdt_mode
0011a394 t cssidr_decode_helper
00126d60 T ctime
0013a2b4 d dAxisPi
00139d20 t day_name.1
00148e86 B delay
00148ea0 b delay_temp.4
00123d90 T disable_ccnt
00123e30 T disable_ccnt_irq
00123dac T disable_pmn
00123e4c T disable_pmn_irq
00123d74 T disable_pmu
00123dd0 T disable_pmu_user_access
0010235c T display_counters
00104118 T do_reset_monitor
00103684 T dump_buffer_to_uart
00148098 B duty_a
0014809a B duty_b
0014809c B duty_c
0013a238 D dwn_smp_factor
00123d84 T enable_ccnt
00123e24 T enable_ccnt_irq
00102164 T enable_console
00123d9c T enable_pmn
00123e3c T enable_pmn_irq
00123d64 T enable_pmu
00123dbc T enable_pmu_user_access
0013ac60 D environ
0014ad2c B errno
001480c0 b eventFlags.0
00126d80 T exit
001480b2 B ext_trip_cnt
00125610 T fabs
00100690 T failExit
001379b4 T fclose
0012e990 T fflush
001379f4 T fiprintf
001240b8 T floor
00124310 T fmod
0010a678 T focDesignerVectorControl
0010a78c T focDesignerVectorControlPostLimiting
00137bf4 T fputwc
0010013c t frame_dummy
0012fdb4 T free
00131e28 T frexp
00140014 B g_uart0_buffer
00140000 B g_uart0_handle
00123d28 T getPMN
0010de2c t get_current_cpu_num
0011bb30 t get_current_cpu_num
00125e74 t get_eit_entry
00102254 T get_num_counters
0010dd98 t get_periphbase
0012f908 T gmtime_r
0014809e B hall_state_monitor
0013add0 d heap.5522
00148f1c B ia_sar
00148f2c B ia_sinc
00148f20 B ib_sar
00148f30 B ib_sinc
001480ae B ib_sinc_raw
00148f24 B ic_sar
00148f28 B ic_sinc
001480ac B ic_sinc_raw
00148f0c B id
00148ea4 b imax_temp.2
0013a3c0 d impure_data
00139bb0 t init_jk
0014ad30 b initial_env
00148f10 B iq
00148f00 B iq_ref
00148f48 B iq_ref_step
00148094 b irq_led.0
00137d38 T iswspace
00137d40 T iswspace_l
0014939e b led_cnt.0
00148090 b led_count.1
0013a1e4 d led_flagGPIO_LED2
0013a1e8 d led_flagGPIO_LED3
0013a1ec d led_flagGPIO_LED4
0013a1f0 d led_flagGPIO_LED5
0013a1f4 d led_flagGPIO_LED6
0013a1f8 d led_flagGPIO_LED7
0013a1c4 d leds.0
0013a244 D length_after_trig
0012fb94 T localeconv
00126e30 T localtime
00126e44 T localtime_r
00102194 T main
0012fda0 T malloc
00148ea6 b max_rpm_temp.1
00137ed8 T mbrtowc
001305c8 T memchr
001271e8 T memcpy
001306a8 T memmove
00127304 T memset
00100774 t mmu_init
001480b8 B mode_act
00139d38 t mon_name.0
00148e20 B monitor_rx_buf
001480d8 B monitor_tx_buf
0014877c B monitor_tx_buf_reshuffled
001052fc T mul_s32_hiSR
001052c4 T mul_s32_sr32
00105060 T mul_u32_loSR
001050b8 T mul_wide_s32
00104f28 T mul_wide_u32
001480a8 B n_by_1_per_monitor
00148f14 B n_by_m_fil_debug
001480a4 B n_by_m_per_monitor
00148f18 B n_by_m_raw_debug
001269d8 t next_unwind_byte
00148e98 b no_of_received_bytes.7
001399e8 t npio2_hw
00100c40 t null_printf
0010dd40 t null_printf
0010f7f4 t null_printf
0011a158 t null_printf
00120700 t null_printf
0013c004 b object.0
00139f98 t p05.0
0010089c T platformInit
0014939c B platform_id
00123d38 T pmn_config
00123e00 T pmu_software_increment
00148ed0 B pos_aligned
00148f50 B pos_offset
00148ec4 B pos_ref_ui
00148ecc B pos_unaligned
00148ec8 B position_ref
0014acc8 b prev_tzenv
0012744c T printf
00127590 T puts
0013a2c4 d qAxisPi
001480a0 B qep_cnt_monitor
001480b0 B qep_dir_monitor
0012d26c t quorem
001277c0 T raise
0013a268 D re_expect
0013a269 d re_type.8
00123de4 T read_ccnt
00123e10 T read_flags
00123dec T read_pmn
001480d4 B ready_for_trigger
00138000 T realloc
00148e9c b received_adr.5
0012d080 t register_fini
00123e6c T reset_ccnt
00102f80 T reset_monitor
00123e5c T reset_pmn
0012682c T restore_core_regs
00125f14 t restore_non_core_regs
00105344 T rt_roundf
0010aa6c T sAppTask
00102cf0 T sMcAlgorithm
00102bcc T sMcTask
00104c40 T s_focDesignerVectorControl_Outputs_wrapper
0013a1e0 d sbConsoleEnabled
00125618 T scalbn
00125de4 t search_EIT_table
00125dd0 t selfrel_offset31
0010ddc8 t set_sctlr_vbit
00137dd0 T setlocale
00000000 a shift
00000000 a shift
0012785c T signal
0012422c T sin
00148eb8 B sinc0_latest
00148eb4 B sinc0_synced
00148ec0 B sinc0_trip
001480b4 B sinc0_trip_cnt
00148ebc B sinc0_trip_fil_out
00148eba B sinc1_latest
00148eb6 B sinc1_synced
00148ec1 B sinc1_trip
001480b6 B sinc1_trip_cnt
00148ebe B sinc1_trip_fil_out
00131f4c T siprintf
00131fb8 T siscanf
0013a230 D size_check_T
0013a22c D size_check_t
001480d0 B smp_cnt
00148ee8 B spd_fil_calc
00148ef8 B spd_fil_n_by_1
00148ef0 B spd_fil_n_by_m
00148f38 B spd_raw_calc
00148ef4 B spd_raw_n_by_1
00148eec B spd_raw_n_by_m
00148f4c B speed_debug
00148ed8 B speed_ff
00148efc B speed_fil
00148f54 B speed_meas_raw_n_by_1
00148f58 B speed_meas_raw_n_by_m
00148f3c B speed_raw
00148ee0 B speed_ref
00148ee4 B speed_ref_lim
00148ea8 b speed_temp.0
00127a9c T sprintf
001243a8 T sqrt
001480d2 B start_idx
00102270 T start_pmu_counters
00149398 B state_function
00100c64 t stdminul
0010230c T stop_pmu_counters
00132174 T strcmp
00132398 T strcpy
00127b08 T strlen
00132488 T strncmp
00132564 T strncpy
00138340 T strtol
001382ec T strtol_l
001385ec T strtoll
001385c4 T strtoll_l
00132818 T strtoul
001327f0 T strtoul_l
00138884 T strtoull
0013885c T strtoull_l
001480bc b taskCounter.1
00148f08 B theta_enc
00148ed4 B theta_enc_mul
00148f5c B theta_qep_cnt
00148f40 B theta_speed
00148f04 B theta_vf
001391d4 t tmp.1
001391e0 t tmp_0.0
001480ce B trigger
00148e85 B trigger_armed
00148e84 B triggered
00148084 B trip_pending
00139a68 t two_over_pi
0013a242 D tx_buf_size
0013a7f8 d tzinfo
0012a2d4 T tzset
001035e8 t uart_send
00135ff8 T ungetc
00126a28 t unwind_UCB_from_context
00125f80 t unwind_phase2
00125fbc t unwind_phase2_forced
0010a5f0 t updatePi
00137514 T vfiprintf
0012ce28 T vfprintf
00148f44 B w_step
00138a48 T wcrtomb
00123e18 T write_flags
00139c7c t zeroes.0
00139cf0 t zeroes.0
00139fb4 t zeroes.0
00139ff8 t zeroes.0
