00138c28 r 
00138c10 t 
00138c10 t 
001258d6 t .divsi3_skip_div0_test
00125658 t .udivsi3_skip_div0_test
001031b4 T AdiMonitor
001480cc B CAPTURE_DATA
00102798 T ClearPwmTrip
00104ab4 T ClearSincTrip
001026a8 T DisablePWM
00102684 T EnablePWM
00104a68 T EnableSincTrip
00148e88 B GUI_READY
001005f4 T GetHallState
00102b18 T GetMode
001026cc T GetPwmTripPinLevel
00102720 T GetPwmTripSource
00102774 T GetPwmTripStatus
0010036c T GetQepRegs
001004b0 T GetQepRegsStrobeLatch
00104b80 T GetSincData
001025e4 T InitPWM
0013a124 d NeedReset
00148edc B Nref
00139a60 t PIo2
00148f64 B PMSMctrl_B
001390a4 T PMSMctrl_ConstP
00149264 B PMSMctrl_DWork
001390a8 T PMSMctrl_M
0014938c B PMSMctrl_M_
0013a15c D PMSMctrl_P
00149360 B PMSMctrl_U
00149384 B PMSMctrl_Y
00109f78 T PMSMctrl_initialize
001053c4 T PMSMctrl_step0
00109ccc T PMSMctrl_step1
00102420 T PWM_IP_mReadReg
001023d8 T PWM_IP_mWriteReg
00102460 T PwmIsr
00100290 T QEP_IP_mReadReg
00100248 T QEP_IP_mWriteReg
00103818 T RxISR
001043a4 T SINC_FLUSH_TRIP_IP_mReadReg
0010435c T SINC_FLUSH_TRIP_IP_mWriteReg
00104ccc T SVPWM_float_Outputs_wrapper
00102840 T SetDuty
00100bb4 T SetLed
00102970 T SetupPwmIrq
00104aec T SetupSincDataIrq
001048f0 T SetupSincNonOptContinious
00104778 T SetupSincOptContinious
00104600 T SetupSincOptFlush
00148eac B Sinc0DataEvent
00148eb0 B Sinc1DataEvent
001043e4 T SincDataIsr
0010a9c4 T StateFcnFault
0010a99c T StateFcnRunning
0010a9b0 T StateFcnStopped
00104d20 T SvModulator
00100bfc T SwitchState
00148088 B SyncEvent
00148e94 b TotalErrorCount
00148e8c B TotalReceivedCount
00148e90 B TotalSentCount
001034a0 T TrigAdiMonitor
0014808c B TripEvent
001480c8 B UART_RxIsrCounter
001480c4 B UART_TxIsrCounter
00148f38 B Vdc
001398c8 t Zero
00130704 T _Balloc
0013078c T _Bfree
0014ad34 B _PathLocale
001268a4 T _Unwind_Backtrace
0012605c T _Unwind_Complete
00125e6c t _Unwind_DebugHook
00126060 T _Unwind_DeleteException
00126880 T _Unwind_ForcedUnwind
00125f84 T _Unwind_GetCFA
00126c30 T _Unwind_GetDataRelBase
001260a4 t _Unwind_GetGR
001268fc t _Unwind_GetGR.constprop.0
00126c1c T _Unwind_GetLanguageSpecificData
00126c10 T _Unwind_GetRegionStart
00126c36 T _Unwind_GetTextRelBase
00126814 T _Unwind_RaiseException
00126838 T _Unwind_Resume
0012685c T _Unwind_Resume_or_Rethrow
001260f4 t _Unwind_SetGR
0012606c T _Unwind_VRS_Get
00126464 T _Unwind_VRS_Pop
001260bc T _Unwind_VRS_Set
00125e60 t _Unwind_decode_typeinfo_ptr.constprop.0
00138c28 r __FRAME_END__
001268a4 T ___Unwind_Backtrace
00126880 T ___Unwind_ForcedUnwind
00126814 T ___Unwind_RaiseException
00126838 T ___Unwind_Resume
0012685c T ___Unwind_Resume_or_Rethrow
00138c00 t ___fini_from_arm
00138c08 t ___start_from_arm
001258d0 T __aeabi_idiv
00125b80 W __aeabi_idiv0
00125b64 T __aeabi_idivmod
00125b80 W __aeabi_ldiv0
001389f0 T __aeabi_ldivmod
00125658 T __aeabi_uidiv
001258b4 T __aeabi_uidivmod
00125b84 T __aeabi_uldivmod
00126458 T __aeabi_unwind_cpp_pr0
0012645c W __aeabi_unwind_cpp_pr1
00126460 W __aeabi_unwind_cpp_pr2
001315b8 T __any_on
00137e68 T __ascii_mbtowc
001389c0 T __ascii_wctomb
00137650 T __assert
001375f4 T __assert_func
0013a6e0 D __atexit_recursive_mutex
00131270 T __b2d
0014ad38 B __bss_end__
0013c000 B __bss_start__
0012cf8c T __call_exitprocs
0013154c T __copybits
02100040 A __cs3_heap_end
0013acc4 D __cs3_heap_limit
0014ad38 B __cs3_heap_start
00100040 T __cs3_interrupt_vector
00100040 T __cs3_interrupt_vector_arm
00138bf4 T __cs3_isr_dabort
00138bf8 T __cs3_isr_fiq
00138be4 T __cs3_isr_interrupt
0010f61c T __cs3_isr_irq
00138bf0 T __cs3_isr_pabort
00138be4 W __cs3_isr_reserved
00138bec T __cs3_isr_swi
00138be8 T __cs3_isr_undef
00138a90 T __cs3_premain
02100040 T __cs3_region_end_ram
00100040 A __cs3_region_init_ram
0003ac88 A __cs3_region_init_size_ram
00000001 A __cs3_region_num
02000000 A __cs3_region_size_ram
00100040 T __cs3_region_start_ram
00010070 A __cs3_region_zero_size_ram
0013a098 T __cs3_regions
0013a0ac T __cs3_regions_end
00100080 T __cs3_reset
00100080 T __cs3_reset_cycloneV_dk_ram
02100040 A __cs3_stack
         U __cs3_start_asm
00100084 T __cs3_start_c
0013133c T __d2b
001258d0 T __divsi3
00100110 t __do_global_dtors_aux
0013a094 t __do_global_dtors_aux_fini_array_entry
0013a0b0 D __dso_handle
0014ad38 B __end
0013772c T __env_lock
00137738 T __env_unlock
00126c60 T __errno
00138cf4 r __exidx_end
00138c2c r __exidx_start
0013a2a8 D __fdlib_version
0013a098 T __fini_array_end
0013a094 T __fini_array_start
0012e94c t __fp_lock
0012ecfc T __fp_lock_all
0012e980 t __fp_unlock
0012ed28 T __fp_unlock_all
00137920 T __fputwc
0013a084 t __frame_dummy_init_array_entry
0012f7ec T __gettzinfo
0013ab54 D __global_locale
0012610c T __gnu_Unwind_Backtrace
00125ff0 T __gnu_Unwind_ForcedUnwind
00125f88 T __gnu_Unwind_RaiseException
00126734 T __gnu_Unwind_Restore_VFP
00126744 T __gnu_Unwind_Restore_VFP_D
00126754 T __gnu_Unwind_Restore_VFP_D_16_to_31
001267ec T __gnu_Unwind_Restore_WMMXC
00126764 T __gnu_Unwind_Restore_WMMXD
00126004 T __gnu_Unwind_Resume
00126048 T __gnu_Unwind_Resume_or_Rethrow
0012673c T __gnu_Unwind_Save_VFP
0012674c T __gnu_Unwind_Save_VFP_D
0012675c T __gnu_Unwind_Save_VFP_D_16_to_31
00126800 T __gnu_Unwind_Save_WMMXC
001267a8 T __gnu_Unwind_Save_WMMXD
00125e5c t __gnu_unwind_24bit.constprop.0
0012691c T __gnu_unwind_execute
00126be4 T __gnu_unwind_frame
00125d38 t __gnu_unwind_get_pr_addr
00126188 t __gnu_unwind_pr_common
001309b4 T __hi0bits
00130aac T __i2b
0012431c T __ieee754_fmod
001246d0 T __ieee754_rem_pio2
001249f0 T __ieee754_sqrt
0013a088 T __init_array_end
0013a080 T __init_array_start
00124a00 T __kernel_cos
00124b70 T __kernel_rem_pio2
00125438 T __kernel_sin
0012ed54 T __libc_fini_array
00126ca4 T __libc_init_array
00130a0c T __lo0bits
00137cb0 T __locale_mb_cur_max
0012fa70 T __localeconv_l
0014acd4 B __lock___arc4random_mutex
0014acd8 B __lock___at_quick_exit_mutex
0014acdc B __lock___atexit_recursive_mutex
0014ace0 B __lock___dd_hash_mutex
0014ace4 B __lock___env_recursive_mutex
0014ace8 B __lock___malloc_recursive_mutex
0014acec B __lock___sfp_recursive_mutex
0014acf0 B __lock___sinit_recursive_mutex
0014acf4 B __lock___tz_mutex
00130e84 T __lshift
0013a740 D __malloc_av_
0014acf8 B __malloc_current_mallinfo
001306ec T __malloc_lock
0014ad20 B __malloc_max_sbrked_mem
0014ad24 B __malloc_max_total_mem
0013ab48 D __malloc_sbrk_base
0014ad28 B __malloc_top_pad
0013ab4c D __malloc_trim_threshold
001306f8 T __malloc_unlock
00130fc4 T __mcmp
0013101c T __mdiff
00139ab4 T __month_lengths
00139d70 T __mprec_bigtens
00139d98 T __mprec_tens
00139e60 T __mprec_tinytens
001307a8 T __multadd
00130b50 T __multiply
00130d64 T __pow5mult
0013a080 T __preinit_array_end
0013a07c T __preinit_array_start
00131478 T __ratio
00137540 T __register_exitproc
0012671c T __restore_core_regs
0012faa0 T __retarget_lock_acquire
0012faa4 T __retarget_lock_acquire_recursive
0012fa98 T __retarget_lock_close
0012fa9c T __retarget_lock_close_recursive
0012fa90 T __retarget_lock_init
0012fa94 T __retarget_lock_init_recursive
0012fab8 T __retarget_lock_release
0012fabc T __retarget_lock_release_recursive
0012faa8 T __retarget_lock_try_acquire
0012fab0 T __retarget_lock_try_acquire_recursive
001308a4 T __s2b
0012cd40 t __sbprintf
0013742c t __sbprintf
00137f0c T __sccl
0013205c T __sclose
00131fd0 T __seofread
0012e5b4 T __sflush_r
0012e9b4 T __sfmoreglue
0012eb98 T __sfp
0012eccc T __sfp_lock_acquire
0012ecd8 T __sfp_lock_release
0012f180 T __sfvwrite_r
00127834 T __sigtramp
001275fc T __sigtramp_r
0012ea14 T __sinit
0012ece4 T __sinit_lock_acquire
0012ecf0 T __sinit_lock_release
0012fac0 T __smakebuf_r
00135fac T __sprint_r
00135f04 t __sprint_r.part.0
00131fa0 T __sread
00132030 T __sseek
00132730 T __ssprint_r
00133ac4 T __ssrefill_r
00133c60 T __ssvfiscanf_r
00135c1c T __submore
001388cc T __swbuf
0013879c T __swbuf_r
0012fbfc T __swhatbuf_r
00131fd8 T __swrite
0012ce10 T __swsetup_r
0012a19c T __tz_lock
0012a1a8 T __tz_unlock
00129f60 T __tzcalc_limits
0014acb0 b __tzname_dst
0014acbc b __tzname_std
00125bb4 T __udivmoddi4
00125658 T __udivsi3
00131208 T __ulp
00138ae0 t __vfp_init
00137660 T _calloc_r
0012e9fc T _cleanup
0012e940 T _cleanup_r
00101f3c T _close
001376f4 T _close_r
00139f38 T _ctype_
0014accc B _daylight
0012d318 T _dtoa_r
0013acc8 D _edata
0014ad38 B _end
0013a0b0 T _etext
00138b58 T _exit
00137744 T _fclose_r
0012e7ec T _fflush_r
0012f70c T _findenv_r
0013a088 T _fini
001378b8 T _fiprintf_r
00137a30 T _fputwc_r
0012ee88 T _free_r
00101f74 T _fstat
00137bb0 T _fstat_r
00100040 T _ftext
0012f634 T _fwalk
0012f69c T _fwalk_reent
0012f7d4 T _getenv_r
00138bdc T _getpid
0012792c T _getpid_r
00139ab0 T _global_impure_ptr
0013a2ac D _impure_ptr
0013a070 T _init
001277d4 T _init_signal
00127494 T _init_signal_r
00101fb0 T _isatty
00137bf0 T _isatty_r
00138b5c T _kill
001278ec T _kill_r
0012fa78 T _localeconv_r
00101fe8 T _lseek
00137d24 T _lseek_r
001001d4 T _mainCRTStartup
0012fcb8 T _malloc_r
0012ed90 T _malloc_trim_r
00137d68 T _mbrtowc_r
00137e4c T _mbtowc_r
00131500 T _mprec_log10
0012730c T _printf_r
00127378 T _puts_r
00127564 T _raise_r
00102028 T _read
00137eac T _read_r
0013161c T _realloc_r
00131c10 T _reclaim_reent
00138b70 T _sbrk
00131da8 T _sbrk_r
00137c4c T _setlocale_r
00133b2c T _sfread_r
001274e8 T _signal_r
00131de0 T _siprintf_r
00131f24 T _siscanf_r
00127930 T _sprintf_r
00100160 W _stack_init
001001d4 T _start
00137ff0 t _strtol_l.part.0
001381a0 T _strtol_r
00138284 t _strtoll_l.constprop.0
001384b0 T _strtoll_r
00132514 t _strtoul_l.constprop.0
001326dc T _strtoul_r
00138504 t _strtoull_l.constprop.0
00138748 T _strtoull_r
001339dc T _sungetc_r
001328d0 T _svfiprintf_r
00127a58 T _svfprintf_r
0014acd0 B _timezone
0013a6d8 D _tzname
0012a660 T _tzset_r
0012a1b4 T _tzset_unlocked
0012a1e4 T _tzset_unlocked_r
00135cc4 T _ungetc_r
00135fc8 T _vfiprintf_r
0012a688 T _vfprintf_r
001388e8 T _wcrtomb_r
001389a4 T _wctomb_r
00102054 T _write
001374fc T _write_r
00102f60 T aAdiMonitorInit
0010a824 T aAppCmd
0010a7dc T aAppInit
001002d0 T aInitIncEnc
00102b3c T aMcCmd
00102a04 T aMcInit
00102a24 T aMcModeHandler
001045e8 T aMeasureInit
00126c3c T abort
0013a138 D adr_for_capture_variables
00138cf8 t all_implied_fbits
0013a04c t all_implied_fbits
0010b9c4 T alt_16550_baudrate_get
0010ba20 T alt_16550_baudrate_set
00101420 T alt_16550_buffer_init
00101300 t alt_16550_buffer_int_callback
001011e4 t alt_16550_buffer_int_line
00100ca4 t alt_16550_buffer_int_rx
00100f50 t alt_16550_buffer_int_tx
00101714 T alt_16550_buffer_level_rx
001017ac T alt_16550_buffer_level_tx
00101844 T alt_16550_buffer_read_raw
001016ac T alt_16550_buffer_size_rx
001016e0 T alt_16550_buffer_size_tx
0010164c T alt_16550_buffer_uninit
00101b4c T alt_16550_buffer_write_raw
0010af04 T alt_16550_disable
0010ba94 T alt_16550_divisor_get
0010bad0 T alt_16550_divisor_set
001011bc T alt_16550_do_tx
0010aebc T alt_16550_enable
0010b4dc T alt_16550_fifo_clear_all
0010b38c T alt_16550_fifo_clear_rx
0010b434 T alt_16550_fifo_clear_tx
0010b0f4 T alt_16550_fifo_disable
0010b074 T alt_16550_fifo_enable
0010b6d4 T alt_16550_fifo_level_get_rx
0010b770 T alt_16550_fifo_level_get_tx
0010b174 T alt_16550_fifo_read
0010b584 T alt_16550_fifo_size_get_rx
0010b62c T alt_16550_fifo_size_get_tx
0010b80c T alt_16550_fifo_trigger_set_rx
0010b8e8 T alt_16550_fifo_trigger_set_tx
0010b350 T alt_16550_fifo_write
0010b24c T alt_16550_fifo_write_safe
0010c288 T alt_16550_flowcontrol_disable
0010c208 T alt_16550_flowcontrol_enable
0010bbc8 t alt_16550_ier_mask_clr_helper
0010bb48 t alt_16550_ier_mask_set_helper
0010ac78 T alt_16550_init
0010bdac T alt_16550_int_disable_all
0010bd28 T alt_16550_int_disable_line
0010bd80 T alt_16550_int_disable_modem
0010bc78 T alt_16550_int_disable_rx
0010bcd0 T alt_16550_int_disable_tx
0010bcfc T alt_16550_int_enable_line
0010bd54 T alt_16550_int_enable_modem
0010bc4c T alt_16550_int_enable_rx
0010bca4 T alt_16550_int_enable_tx
0010bdd8 T alt_16550_int_status_get
0010c020 T alt_16550_line_break_disable
0010bfa8 T alt_16550_line_break_enable
0010be54 T alt_16550_line_config_set
0010c098 T alt_16550_line_status_get
0010c2f8 T alt_16550_loopback_disable
0010c2b4 T alt_16550_loopback_enable
0010c184 t alt_16550_mcr_mask_clr_helper
0010c104 t alt_16550_mcr_mask_set_helper
0010c458 T alt_16550_modem_disable_dtr
0010c350 T alt_16550_modem_disable_out1
0010c3a8 T alt_16550_modem_disable_out2
0010c400 T alt_16550_modem_disable_rts
0010c42c T alt_16550_modem_enable_dtr
0010c324 T alt_16550_modem_enable_out1
0010c37c T alt_16550_modem_enable_out2
0010c3d4 T alt_16550_modem_enable_rts
0010c484 T alt_16550_modem_status_get
0010af30 T alt_16550_read
0010ae90 T alt_16550_reset
0010ab20 t alt_16550_reset_helper
0010ae00 T alt_16550_uninit
0010afd4 T alt_16550_write
0010aa00 t alt_16550_write_divisor_helper
0011ea3c T alt_ARM_wdog_gpt_mode_set
0011ea9c T alt_ARM_wdog_wdog_mode_set
001234b0 T alt_acp_id_map_dynamic_read_options_set
00123188 T alt_acp_id_map_dynamic_read_set
00123504 T alt_acp_id_map_dynamic_write_options_set
0012331c T alt_acp_id_map_dynamic_write_set
00122db0 T alt_acp_id_map_fixed_read_set
00122f9c T alt_acp_id_map_fixed_write_set
00123558 T alt_acp_id_map_read_options_get
001238b8 T alt_acp_id_map_write_options_get
00122b28 T alt_addr_space_remap
0011ae0c T alt_cache_l1_branch_disable
0011adbc T alt_cache_l1_branch_enable
0011ae5c T alt_cache_l1_branch_invalidate
0011ae90 T alt_cache_l1_branch_is_enabled
0011a87c T alt_cache_l1_data_clean
0011a910 T alt_cache_l1_data_clean_all
0011a80c t alt_cache_l1_data_clean_helper
0011a588 T alt_cache_l1_data_disable
0011a528 T alt_cache_l1_data_enable
0011a6a0 T alt_cache_l1_data_invalidate
0011a714 T alt_cache_l1_data_invalidate_all
0011a630 t alt_cache_l1_data_invalidate_helper
0011a5e8 T alt_cache_l1_data_is_enabled
0011aa98 T alt_cache_l1_data_purge
0011ab2c T alt_cache_l1_data_purge_all
0011aa28 t alt_cache_l1_data_purge_helper
0011a3d8 T alt_cache_l1_disable_all
0011a3ac T alt_cache_l1_enable_all
0011a460 T alt_cache_l1_instruction_disable
0011a400 T alt_cache_l1_instruction_enable
0011a4f8 T alt_cache_l1_instruction_invalidate
0011a4b0 T alt_cache_l1_instruction_is_enabled
0011ad24 T alt_cache_l1_parity_disable
0011ac44 T alt_cache_l1_parity_enable
0011ad74 T alt_cache_l1_parity_is_enabled
0011af28 T alt_cache_l1_prefetch_disable
0011aed8 T alt_cache_l1_prefetch_enable
0011af78 T alt_cache_l1_prefetch_is_enabled
0011b5dc T alt_cache_l2_clean
0011b654 T alt_cache_l2_clean_all
0011b508 t alt_cache_l2_clean_helper
0011b240 T alt_cache_l2_disable
0011ba54 T alt_cache_l2_ecc_start
0011b200 T alt_cache_l2_enable
0011afc0 T alt_cache_l2_init
0011b904 T alt_cache_l2_int_disable
0011b8a8 T alt_cache_l2_int_enable
0011b988 T alt_cache_l2_int_raw_status_get
0011b9ac T alt_cache_l2_int_status_clear
0011b964 T alt_cache_l2_int_status_get
0011b40c T alt_cache_l2_invalidate
0011b484 T alt_cache_l2_invalidate_all
0011b33c t alt_cache_l2_invalidate_helper
0011b278 T alt_cache_l2_is_enabled
0011b180 T alt_cache_l2_parity_disable
0011b11c T alt_cache_l2_parity_enable
0011b1b8 T alt_cache_l2_parity_is_enabled
0011b09c T alt_cache_l2_prefetch_disable
0011b064 T alt_cache_l2_prefetch_enable
0011b0d4 T alt_cache_l2_prefetch_is_enabled
0011b7ac T alt_cache_l2_purge
0011b824 T alt_cache_l2_purge_all
0011b6d8 t alt_cache_l2_purge_helper
0011b2c0 T alt_cache_l2_sync
0011b048 T alt_cache_l2_uninit
0013a2a4 d alt_cache_l2_waymask
0011a150 T alt_cache_system_clean
0011a094 T alt_cache_system_disable
0011a06c T alt_cache_system_enable
0011a0bc T alt_cache_system_invalidate
0011a1e4 T alt_cache_system_purge
00119d7c T alt_clk_clkmgr_reinit
0011a020 T alt_clk_clkmgr_uninit
00110530 T alt_clk_clock_disable
001109ac T alt_clk_clock_enable
00114194 T alt_clk_divider_get
00114df4 T alt_clk_divider_set
00112224 T alt_clk_ext_clk_freq_get
0011204c T alt_clk_ext_clk_freq_set
00116fc0 T alt_clk_freq_get
0011928c T alt_clk_group_cfg_raw_get
00119620 T alt_clk_group_cfg_raw_set
001191c4 T alt_clk_irq_disable
0011922c T alt_clk_irq_enable
00110e68 T alt_clk_is_enabled
0010fb14 T alt_clk_is_in_safe_mode
0010f930 T alt_clk_lock_status_clear
0010f990 T alt_clk_lock_status_get
0010f708 t alt_clk_mgr_wait
0010fbdc T alt_clk_pll_bypass_disable
0010ff98 T alt_clk_pll_bypass_enable
001122dc T alt_clk_pll_cfg_get
001127f0 T alt_clk_pll_cfg_set
001199f8 T alt_clk_pll_cntr_maxfreq_recalc
00113ff8 T alt_clk_pll_guard_band_get
0011409c T alt_clk_pll_guard_band_set
001102f8 T alt_clk_pll_is_bypassed
0010f9b8 T alt_clk_pll_is_locked
0010f7d0 t alt_clk_pll_lock_wait
00110414 T alt_clk_pll_source_get
00112d4c T alt_clk_pll_vco_cfg_get
00113624 T alt_clk_pll_vco_cfg_set
00112e9c t alt_clk_pll_vco_chg_methods_get
00113a2c T alt_clk_pll_vco_freq_get
0010f894 t alt_clk_pllcounter_write
0010f754 T alt_clk_plls_settle_wait
0010fa80 T alt_clk_safe_mode_clear
001113d8 T alt_clk_source_get
00111b60 T alt_clk_source_set
00114890 t alt_clk_within_freq_limits
00114d4c t alt_clkmgr_is_val_modulo_n
0013a1c4 d alt_ext_clk_paramblok
0011e6b8 T alt_globaltmr_autoinc_get
0011e6dc T alt_globaltmr_autoinc_mode_start
0011e714 T alt_globaltmr_autoinc_mode_stop
0011e628 T alt_globaltmr_autoinc_set
0011e3d0 T alt_globaltmr_comp_get
0011e440 T alt_globaltmr_comp_get64
0011e4ec T alt_globaltmr_comp_mode_start
0011e524 T alt_globaltmr_comp_mode_stop
0011e278 T alt_globaltmr_comp_set
0011e31c T alt_globaltmr_comp_set64
0011e254 T alt_globaltmr_counter_get_hi32
0011e230 T alt_globaltmr_counter_get_low32
0011e070 T alt_globaltmr_get
0011e154 T alt_globaltmr_get64
0011dfb4 T alt_globaltmr_init
0011e870 T alt_globaltmr_int_clear_pending
0011e7a0 T alt_globaltmr_int_disable
0011e7d8 T alt_globaltmr_int_enable
0011e8d4 T alt_globaltmr_int_if_pending_clear
0011e838 T alt_globaltmr_int_is_enabled
0011e89c T alt_globaltmr_int_is_pending
0011e74c T alt_globaltmr_is_autoinc_mode
0011e55c T alt_globaltmr_is_comp_mode
0011df04 T alt_globaltmr_is_running
0011e784 T alt_globaltmr_maxcounter_get
0011e594 T alt_globaltmr_prescaler_get
0011e5c0 T alt_globaltmr_prescaler_set
0011e4b8 T alt_globaltmr_remain_get
0011e02c T alt_globaltmr_start
0011dfe8 T alt_globaltmr_stop
0011df3c T alt_globaltmr_uninit
0010d4d8 T alt_gpio_bit_config
0010da7c T alt_gpio_bit_to_pid
0010daf0 T alt_gpio_bit_to_port_pin
0010d584 T alt_gpio_bitconfig_get
0010d72c T alt_gpio_group_config
0010d8c4 T alt_gpio_group_config_get
0010d994 T alt_gpio_group_config_get2
0010c4f0 T alt_gpio_init
0010cde4 T alt_gpio_port_config
0010c7b0 T alt_gpio_port_data_read
0010c6d0 T alt_gpio_port_data_write
0010c63c T alt_gpio_port_datadir_get
0010c55c T alt_gpio_port_datadir_set
0010cc0c T alt_gpio_port_debounce_get
0010cb2c T alt_gpio_port_debounce_set
0010d3c8 T alt_gpio_port_idcode_get
0010d00c T alt_gpio_port_int_disable
0010cf48 T alt_gpio_port_int_enable
0010d0c8 T alt_gpio_port_int_enable_get
0010d230 T alt_gpio_port_int_mask_get
0010d150 T alt_gpio_port_int_mask_set
0010ca98 T alt_gpio_port_int_pol_get
0010c9b8 T alt_gpio_port_int_pol_set
0010d340 T alt_gpio_port_int_status_clear
0010d2b8 T alt_gpio_port_int_status_get
0010c924 T alt_gpio_port_int_type_get
0010c844 T alt_gpio_port_int_type_set
0010db6c T alt_gpio_port_pin_to_bit
0010cd4c T alt_gpio_port_sync_get
0010cca0 T alt_gpio_port_sync_set
0010d450 T alt_gpio_port_ver_get
0010c524 T alt_gpio_uninit
0011bde4 T alt_gpt_all_tmr_init
0011bd50 T alt_gpt_all_tmr_uninit
0011c3f0 T alt_gpt_counter_get
0011c2b0 T alt_gpt_counter_set
0011c78c T alt_gpt_curtime_get
0011c4f0 t alt_gpt_curtime_get_kernl
0011c7f4 T alt_gpt_curtime_microsecs_get
0011c7c0 T alt_gpt_curtime_millisecs_get
0011c82c T alt_gpt_curtime_nanosecs_get
0011c864 T alt_gpt_delay_ns
0011cdb0 T alt_gpt_freq_get
0011d7a4 T alt_gpt_int_clear_pending
0011d400 T alt_gpt_int_disable
0011d534 T alt_gpt_int_enable
0011da0c T alt_gpt_int_if_pending_clear
0011d66c T alt_gpt_int_is_enabled
0011d8b4 T alt_gpt_int_is_pending
0011cba0 T alt_gpt_maxcounter_get
0011d398 T alt_gpt_maxtime_get
0011d1bc t alt_gpt_maxtime_get_kernl
0011d3cc T alt_gpt_maxtime_millisecs_get
0011dda4 T alt_gpt_mode_get
0011dbc8 T alt_gpt_mode_set
0011cd28 T alt_gpt_prescaler_get
0011cc44 T alt_gpt_prescaler_set
0011caa0 T alt_gpt_reset_value_get
0011d11c T alt_gpt_time_get
0011cf40 t alt_gpt_time_get_kernl
0011d184 T alt_gpt_time_microsecs_get
0011d150 T alt_gpt_time_millisecs_get
0011c0b0 T alt_gpt_tmr_is_running
0011c224 T alt_gpt_tmr_reset
0011bf64 T alt_gpt_tmr_start
0011be18 T alt_gpt_tmr_stop
0014aca4 b alt_int_base_cpu
0014aca0 b alt_int_base_dist
0014aca8 b alt_int_count_cpu
0014acac b alt_int_count_int
0010f3e4 T alt_int_cpu_binary_point_get
0010f470 T alt_int_cpu_binary_point_get_ns
0010f41c T alt_int_cpu_binary_point_set
0010f4a8 T alt_int_cpu_binary_point_set_ns
0010f1b8 T alt_int_cpu_config_get
0010f27c T alt_int_cpu_config_set
0010f060 T alt_int_cpu_disable
0010f174 T alt_int_cpu_disable_all
0010f0ec T alt_int_cpu_disable_ns
0010f018 T alt_int_cpu_enable
0010f130 T alt_int_cpu_enable_all
0010f0a8 T alt_int_cpu_enable_ns
0010ef44 T alt_int_cpu_init
0010f358 T alt_int_cpu_priority_mask_get
0010f390 T alt_int_cpu_priority_mask_set
0010effc T alt_int_cpu_uninit
0014a4a0 b alt_int_dispatch
0010e3fc T alt_int_dist_disable
0010e364 T alt_int_dist_enable
0010e754 T alt_int_dist_is_active
0010e494 T alt_int_dist_is_enabled
0010e6a0 T alt_int_dist_is_pending
0010e2b0 T alt_int_dist_is_secure
0010e5f4 T alt_int_dist_pending_clear
0010e548 T alt_int_dist_pending_set
0010e808 T alt_int_dist_priority_get
0010e898 T alt_int_dist_priority_set
0010e1f0 T alt_int_dist_secure_disable
0010e12c T alt_int_dist_secure_enable
0010e928 T alt_int_dist_target_get
0010e9b8 T alt_int_dist_target_set
0010ea94 T alt_int_dist_trigger_get
0010eb94 T alt_int_dist_trigger_set
0010dc54 t alt_int_fixup_irq_stack
001493a0 b alt_int_flag
0010dfd8 T alt_int_global_disable
0010e0e8 T alt_int_global_disable_all
0010e060 T alt_int_global_disable_ns
0010df94 T alt_int_global_enable
0010e0a4 T alt_int_global_enable_all
0010e01c T alt_int_global_enable_ns
0010dd50 T alt_int_global_init
0010df78 T alt_int_global_uninit
0010f4fc T alt_int_isr_register
0010f55c T alt_int_isr_unregister
0010ee14 T alt_int_sgi_trigger
001494a0 b alt_int_stack_irq_block
0010f5b4 T alt_int_util_cpu_count
0010f5fc T alt_int_util_cpu_current
0010f5d8 T alt_int_util_int_count
00122c90 T alt_l2_addr_filter_cfg_get
00122d20 T alt_l2_addr_filter_cfg_set
00120dcc T alt_mmu_CONTEXTIDR_set
00120cec T alt_mmu_DACR_set
00120c38 T alt_mmu_TTBCR_set
00120a30 T alt_mmu_TTBR0_get
00120aa4 T alt_mmu_TTBR0_set
00120b84 T alt_mmu_TTBR1_get
00120bbc T alt_mmu_TTBR1_set
00120978 T alt_mmu_disable
001209e0 T alt_mmu_enable
00120614 T alt_mmu_init
00120e44 T alt_mmu_tlb_invalidate
00120e78 T alt_mmu_tlb_invalidate_is
001206d8 T alt_mmu_ttb1_desc_set
0012064c T alt_mmu_ttb1_init
00120810 T alt_mmu_ttb2_desc_set
00121768 t alt_mmu_ttb2_init
00120630 T alt_mmu_uninit
001217b0 T alt_mmu_va_space_create
00122588 T alt_mmu_va_space_enable
00121658 t alt_mmu_va_space_gen_largepage
001212a4 t alt_mmu_va_space_gen_pagetable
00121304 t alt_mmu_va_space_gen_section
0012154c t alt_mmu_va_space_gen_smallpage
00121428 t alt_mmu_va_space_gen_supersection
0012123c T alt_mmu_va_space_storage_required
00120f14 t alt_mmu_va_space_storage_required_internal
001226c4 T alt_mmu_va_to_pa
00122848 T alt_mmu_va_to_pa_coalesce_begin
00122ae4 T alt_mmu_va_to_pa_coalesce_end
00122928 T alt_mmu_va_to_pa_coalesce_next
00122c50 T alt_mpu_addr_space_remap_0_to_sdram
0013a204 d alt_pll_clk_paramblok
0013a264 d alt_pll_cntr_maxfreq
0010074c t alt_pt_alloc
00144000 B alt_pt_storage
0010a9d8 t alt_read_word_helper
00120eac t alt_vregion_mark_pagetable
001204e8 T alt_wdog_compcode_get
0011f9f8 T alt_wdog_core_prescaler_get
0011f96c T alt_wdog_core_prescaler_set
0011f180 T alt_wdog_counter_get_current
0011f224 T alt_wdog_counter_get_curtime_millisecs
0011f424 T alt_wdog_counter_get_init
0011f754 T alt_wdog_counter_get_inittime_millisecs
0011f598 T alt_wdog_counter_get_inittime_nanosecs
0011fa24 T alt_wdog_counter_get_max
0011fc28 T alt_wdog_counter_get_max_millisecs
0011faa4 T alt_wdog_counter_get_max_nanosecs
0011eff4 T alt_wdog_counter_set
0011e9ec T alt_wdog_init
001200a4 T alt_wdog_int_clear
0011fe00 T alt_wdog_int_disable
0011fe78 T alt_wdog_int_enable
00120144 T alt_wdog_int_if_pending_clear
0011ffd0 T alt_wdog_int_is_enabled
0011fef0 T alt_wdog_int_is_pending
0011ef0c T alt_wdog_reset
00120404 T alt_wdog_response_mode_get
00120250 T alt_wdog_response_mode_set
0011ed40 T alt_wdog_start
0011eb94 T alt_wdog_stop
0011ee38 T alt_wdog_tmr_is_enabled
0011ead0 T alt_wdog_uninit
0012056c T alt_wdog_ver_get
0011e9a0 t alt_wdog_wait
00149394 B app_state
0012d0b4 T asctime
0012d0c8 T asctime_r
0012d148 T atexit
001390ac t b.3
00139eb4 t basefix.0
00139b5c t blanks.1
00139bd0 t blanks.1
00139e94 t blanks.1
00139ed8 t blanks.1
00100630 T boot_check_status
0013a12c D buf_idx
0013a12e D buf_no
00148000 b buff.1
0013a130 D buffer_length
00148ea2 b buffer_length_temp.3
001390b8 t c.2
0013a12a D capt_ptr
00123c3c T ccnt_divider
00123d70 T ceil
0013a0ec d cfg
00148e99 b ch_no.6
00103110 T checkRxUart
001042fc T checkTxBuffer
00131b9c T cleanup_glue
00148080 b cnt.0
0013c000 b completed.1
00123ed4 T cos
0011e930 T cpu_wdog_in_gpt_mode
0011e968 t cpu_wdog_in_wdt_mode
0011a284 t cssidr_decode_helper
00126c50 T ctime
0013a1a4 d dAxisPi
00139c10 t day_name.1
00148e86 B delay
00148ea0 b delay_temp.4
00123c80 T disable_ccnt
00123d20 T disable_ccnt_irq
00123c9c T disable_pmn
00123d3c T disable_pmn_irq
00123c64 T disable_pmu
00123cc0 T disable_pmu_user_access
0010235c T display_counters
001040d0 T do_reset_monitor
0010363c T dump_buffer_to_uart
00148098 B duty_a
0014809a B duty_b
0014809c B duty_c
0013a128 D dwn_smp_factor
00123c74 T enable_ccnt
00123d14 T enable_ccnt_irq
00102164 T enable_console
00123c8c T enable_pmn
00123d2c T enable_pmn_irq
00123c54 T enable_pmu
00123cac T enable_pmu_user_access
0013ab50 D environ
0014ad2c B errno
001480c0 b eventFlags.0
00126c70 T exit
001480b2 B ext_trip_cnt
00125500 T fabs
00100690 T failExit
001378a4 T fclose
0012e880 T fflush
001378e4 T fiprintf
00123fa8 T floor
00124200 T fmod
0010a568 T focDesignerVectorControl
0010a67c T focDesignerVectorControlPostLimiting
00137ae4 T fputwc
0010013c t frame_dummy
0012fca4 T free
00131d18 T frexp
00140014 B g_uart0_buffer
00140000 B g_uart0_handle
00123c18 T getPMN
0010dd1c t get_current_cpu_num
0011ba20 t get_current_cpu_num
00125d64 t get_eit_entry
00102254 T get_num_counters
0010dc88 t get_periphbase
0012f7f8 T gmtime_r
0014809e B hall_state_monitor
0013acc0 d heap.5522
00148f20 B ia_sar
00148f30 B ia_sinc
00148f24 B ib_sar
00148f34 B ib_sinc
001480ae B ib_sinc_raw
00148f28 B ic_sar
00148f2c B ic_sinc
001480ac B ic_sinc_raw
00148f10 B id
00148ea4 b imax_temp.2
0013a2b0 d impure_data
00139aa0 t init_jk
0014ad30 b initial_env
00148f14 B iq
00148f04 B iq_ref
00148f4c B iq_ref_step
00148094 b irq_led.0
00137c28 T iswspace
00137c30 T iswspace_l
0014939e b led_cnt.0
00148090 b led_count.1
0013a0d4 d led_flagGPIO_LED2
0013a0d8 d led_flagGPIO_LED3
0013a0dc d led_flagGPIO_LED4
0013a0e0 d led_flagGPIO_LED5
0013a0e4 d led_flagGPIO_LED6
0013a0e8 d led_flagGPIO_LED7
0013a0b4 d leds.0
0013a134 D length_after_trig
0012fa84 T localeconv
00126d20 T localtime
00126d34 T localtime_r
00102194 T main
0012fc90 T malloc
00148ea6 b max_rpm_temp.1
00137dc8 T mbrtowc
001304b8 T memchr
001270d8 T memcpy
00130598 T memmove
001271f4 T memset
00100774 t mmu_init
001480b8 B mode_act
00139c28 t mon_name.0
00148e20 B monitor_rx_buf
001480d8 B monitor_tx_buf
0014877c B monitor_tx_buf_reshuffled
001052b4 T mul_s32_hiSR
0010527c T mul_s32_sr32
00105018 T mul_u32_loSR
00105070 T mul_wide_s32
00104ee0 T mul_wide_u32
001480a8 B n_by_1_per_monitor
00148f18 B n_by_m_fil_debug
001480a4 B n_by_m_per_monitor
00148f1c B n_by_m_raw_debug
001268c8 t next_unwind_byte
00148e98 b no_of_received_bytes.7
001398d8 t npio2_hw
00100c40 t null_printf
0010dc30 t null_printf
0010f6e4 t null_printf
0011a048 t null_printf
001205f0 t null_printf
0013c004 b object.0
00139e88 t p05.0
0010089c T platformInit
0014939c B platform_id
00123c28 T pmn_config
00123cf0 T pmu_software_increment
00148ed0 B pos_aligned
00148f54 B pos_offset
00148ec4 B pos_ref_ui
00148ecc B pos_unaligned
00148ec8 B position_ref
0014acc8 b prev_tzenv
0012733c T printf
00127480 T puts
0013a1b4 d qAxisPi
001480a0 B qep_cnt_monitor
001480b0 B qep_dir_monitor
0012d15c t quorem
001276b0 T raise
0013a158 D re_expect
0013a159 d re_type.8
00123cd4 T read_ccnt
00123d00 T read_flags
00123cdc T read_pmn
001480d4 B ready_for_trigger
00137ef0 T realloc
00148e9c b received_adr.5
0012cf70 t register_fini
00123d5c T reset_ccnt
00102f38 T reset_monitor
00123d4c T reset_pmn
0012671c T restore_core_regs
00125e04 t restore_non_core_regs
001052fc T rt_roundf
0010a95c T sAppTask
00102ca8 T sMcAlgorithm
00102b84 T sMcTask
00104bf8 T s_focDesignerVectorControl_Outputs_wrapper
0013a0d0 d sbConsoleEnabled
00125508 T scalbn
00125cd4 t search_EIT_table
00125cc0 t selfrel_offset31
0010dcb8 t set_sctlr_vbit
00137cc0 T setlocale
00000000 a shift
00000000 a shift
0012774c T signal
0012411c T sin
00148eb8 B sinc0_latest
00148eb4 B sinc0_synced
00148ec0 B sinc0_trip
001480b4 B sinc0_trip_cnt
00148ebc B sinc0_trip_fil_out
00148eba B sinc1_latest
00148eb6 B sinc1_synced
00148ec1 B sinc1_trip
001480b6 B sinc1_trip_cnt
00148ebe B sinc1_trip_fil_out
00131e3c T siprintf
00131ea8 T siscanf
0013a120 D size_check_T
0013a11c D size_check_t
001480d0 B smp_cnt
00148eec B spd_fil_calc
00148efc B spd_fil_n_by_1
00148ef4 B spd_fil_n_by_m
00148f3c B spd_raw_calc
00148ef8 B spd_raw_n_by_1
00148ef0 B spd_raw_n_by_m
00148f50 B speed_debug
00148ed8 B speed_ff
00148f00 B speed_fil
00148f58 B speed_meas_raw_n_by_1
00148f5c B speed_meas_raw_n_by_m
00148f40 B speed_raw
00148ee0 B speed_ref
00148ee8 B speed_ref_lim
00148ea8 b speed_temp.0
0012798c T sprintf
00124298 T sqrt
001480d2 B start_idx
00102270 T start_pmu_counters
00149398 B state_function
00100c64 t stdminul
0010230c T stop_pmu_counters
00132064 T strcmp
00132288 T strcpy
001279f8 T strlen
00132378 T strncmp
00132454 T strncpy
00138230 T strtol
001381dc T strtol_l
001384dc T strtoll
001384b4 T strtoll_l
00132708 T strtoul
001326e0 T strtoul_l
00138774 T strtoull
0013874c T strtoull_l
001480bc b taskCounter.1
00148f0c B theta_enc
00148ed4 B theta_enc_mul
00148f60 B theta_qep_cnt
00148f44 B theta_speed
00148f08 B theta_vf
001390c4 t tmp.1
001390d0 t tmp_0.0
001480ce B trigger
00148e85 B trigger_armed
00148e84 B triggered
00148084 B trip_pending
00139958 t two_over_pi
0013a132 D tx_buf_size
0013a6e8 d tzinfo
0012a1c4 T tzset
001035a0 t uart_send
00135ee8 T ungetc
00126918 t unwind_UCB_from_context
00125e70 t unwind_phase2
00125eac t unwind_phase2_forced
0010a4e0 t updatePi
00137404 T vfiprintf
0012cd18 T vfprintf
00148ee4 B w_ref
00148f48 B w_step
00138938 T wcrtomb
00123d08 T write_flags
00139b6c t zeroes.0
00139be0 t zeroes.0
00139ea4 t zeroes.0
00139ee8 t zeroes.0
